// Jest Snapshot v1, https://goo.gl/fbAQLP

exports[`Footer Component [Footer] matches DOM Snapshot 1`] = `
<footer
  className="css-1a04utd"
>
  <div
    className="MuiContainer-root MuiContainer-disableGutters css-idqxm-MuiContainer-root"
  >
    <ul
      className="MuiList-root css-1mk9mw3-MuiList-root"
    >
      <div
        className="css-1d9cypr-MuiStack-root"
      >
        <div
          className="MuiBox-root css-ieri5n"
        >
          <li
            className="MuiListItem-root MuiListItem-gutters css-1nxmd3h-MuiListItem-root"
            disabled={false}
          >
            <p
              className="MuiTypography-root MuiTypography-body1 css-ahj2mt-MuiTypography-root"
            >
              Â© 2020 New York Digital Investment Group LLC
            </p>
          </li>
        </div>
        <div
          className="MuiBox-root css-w5t042"
        >
          <li
            className="MuiListItem-root MuiListItem-gutters css-1nxmd3h-MuiListItem-root"
            disabled={false}
          >
            <div
              className="MuiListItemButton-root MuiListItemButton-gutters MuiButtonBase-root css-1bpq8db-MuiButtonBase-root-MuiListItemButton-root"
              data-testid="supportButton"
              onBlur={[Function]}
              onContextMenu={[Function]}
              onDragLeave={[Function]}
              onFocus={[Function]}
              onKeyDown={[Function]}
              onKeyUp={[Function]}
              onMouseDown={[Function]}
              onMouseLeave={[Function]}
              onMouseUp={[Function]}
              onTouchEnd={[Function]}
              onTouchMove={[Function]}
              onTouchStart={[Function]}
              role="button"
              tabIndex={0}
            >
              <div
                className="MuiListItemText-root css-tlelie-MuiListItemText-root"
              >
                <span
                  className="MuiTypography-root MuiTypography-body1 MuiListItemText-primary css-10hburv-MuiTypography-root"
                >
                  Support
                </span>
              </div>
            </div>
            <div
              className="MuiListItemButton-root MuiListItemButton-gutters MuiButtonBase-root css-1bpq8db-MuiButtonBase-root-MuiListItemButton-root"
              data-testid="privacyButton"
              onBlur={[Function]}
              onContextMenu={[Function]}
              onDragLeave={[Function]}
              onFocus={[Function]}
              onKeyDown={[Function]}
              onKeyUp={[Function]}
              onMouseDown={[Function]}
              onMouseLeave={[Function]}
              onMouseUp={[Function]}
              onTouchEnd={[Function]}
              onTouchMove={[Function]}
              onTouchStart={[Function]}
              role="button"
              tabIndex={0}
            >
              <div
                className="MuiListItemText-root css-tlelie-MuiListItemText-root"
              >
                <span
                  className="MuiTypography-root MuiTypography-body1 MuiListItemText-primary css-10hburv-MuiTypography-root"
                >
                  Privacy Policy
                </span>
              </div>
            </div>
            <div
              className="MuiListItemButton-root MuiListItemButton-gutters MuiButtonBase-root css-1bpq8db-MuiButtonBase-root-MuiListItemButton-root"
              data-testid="termsButton"
              onBlur={[Function]}
              onContextMenu={[Function]}
              onDragLeave={[Function]}
              onFocus={[Function]}
              onKeyDown={[Function]}
              onKeyUp={[Function]}
              onMouseDown={[Function]}
              onMouseLeave={[Function]}
              onMouseUp={[Function]}
              onTouchEnd={[Function]}
              onTouchMove={[Function]}
              onTouchStart={[Function]}
              role="button"
              tabIndex={0}
            >
              <div
                className="MuiListItemText-root css-tlelie-MuiListItemText-root"
              >
                <span
                  className="MuiTypography-root MuiTypography-body1 MuiListItemText-primary css-10hburv-MuiTypography-root"
                >
                  Terms of Service
                </span>
              </div>
            </div>
          </li>
        </div>
      </div>
    </ul>
  </div>
</footer>
`;
