// Jest Snapshot v1, https://goo.gl/fbAQLP

exports[`Dropdown Component [ProfileDropdown] matches DOM Snapshot 1`] = `
<div
  className="css-hbm2t4"
>
  <div
    className="MuiPaper-root MuiPaper-elevation MuiPaper-rounded MuiPaper-elevation1 MuiAccordion-root MuiAccordion-rounded MuiAccordion-gutters css-1hl5cpj-MuiPaper-root-MuiAccordion-root"
  >
    <div
      aria-controls="panel1a-content"
      aria-expanded={false}
      className="MuiButtonBase-root MuiAccordionSummary-root MuiAccordionSummary-gutters css-oiohog-MuiButtonBase-root-MuiAccordionSummary-root"
      id="panel1a-header"
      onBlur={[Function]}
      onClick={[Function]}
      onContextMenu={[Function]}
      onDragLeave={[Function]}
      onFocus={[Function]}
      onKeyDown={[Function]}
      onKeyUp={[Function]}
      onMouseDown={[Function]}
      onMouseLeave={[Function]}
      onMouseUp={[Function]}
      onTouchEnd={[Function]}
      onTouchMove={[Function]}
      onTouchStart={[Function]}
      role="button"
      tabIndex={0}
    >
      <div
        className="MuiAccordionSummary-content MuiAccordionSummary-contentGutters css-o4b71y-MuiAccordionSummary-content"
      >
        <h4
          className="MuiTypography-root MuiTypography-h4 css-36gbox-MuiTypography-root"
        >
          Food Bar Inc
        </h4>
      </div>
      <div
        className="MuiAccordionSummary-expandIconWrapper css-yw020d-MuiAccordionSummary-expandIconWrapper"
      >
        <svg
          aria-hidden={true}
          className="MuiSvgIcon-root MuiSvgIcon-fontSizeMedium css-i4bv87-MuiSvgIcon-root"
          data-testid="ExpandMoreIcon"
          focusable="false"
          viewBox="0 0 24 24"
        >
          <path
            d="M16.59 8.59 12 13.17 7.41 8.59 6 10l6 6 6-6z"
          />
        </svg>
      </div>
    </div>
    <div
      className="MuiCollapse-root MuiCollapse-vertical MuiCollapse-hidden css-bz4dnt-MuiCollapse-root"
      style={
        Object {
          "minHeight": "0px",
        }
      }
    >
      <div
        className="MuiCollapse-wrapper MuiCollapse-vertical css-smkl36-MuiCollapse-wrapper"
      >
        <div
          className="MuiCollapse-wrapperInner MuiCollapse-vertical css-9l5vo-MuiCollapse-wrapperInner"
        >
          <div
            aria-labelledby="panel1a-header"
            className="MuiAccordion-region"
            id="panel1a-content"
            role="region"
          >
            <div
              className="MuiAccordionDetails-root css-15v22id-MuiAccordionDetails-root"
            >
              <h4
                className="MuiTypography-root MuiTypography-h4 css-36gbox-MuiTypography-root"
              >
                Hello, world
              </h4>
            </div>
          </div>
        </div>
      </div>
    </div>
  </div>
  <div
    className="MuiPaper-root MuiPaper-elevation MuiPaper-rounded MuiPaper-elevation1 css-1ps6pg7-MuiPaper-root"
  >
    <ul
      className="MuiList-root MuiList-padding css-1l3vh8n-MuiList-root"
      onKeyDown={[Function]}
      role="menu"
      tabIndex={-1}
    >
      <li
        className="MuiMenuItem-root MuiMenuItem-gutters MuiButtonBase-root css-2ca55l-MuiButtonBase-root-MuiMenuItem-root"
        onBlur={[Function]}
        onContextMenu={[Function]}
        onDragLeave={[Function]}
        onFocus={[Function]}
        onKeyDown={[Function]}
        onKeyUp={[Function]}
        onMouseDown={[Function]}
        onMouseLeave={[Function]}
        onMouseUp={[Function]}
        onTouchEnd={[Function]}
        onTouchMove={[Function]}
        onTouchStart={[Function]}
        role="menuitem"
        tabIndex={0}
      >
        <a
          className="MuiTypography-root MuiTypography-h4 MuiLink-root MuiLink-underlineAlways css-9wqgu2-MuiTypography-root-MuiLink-root"
          onBlur={[Function]}
          onFocus={[Function]}
        >
          Address
        </a>
      </li>
      <li
        className="MuiMenuItem-root MuiMenuItem-gutters MuiButtonBase-root css-2ca55l-MuiButtonBase-root-MuiMenuItem-root"
        onBlur={[Function]}
        onContextMenu={[Function]}
        onDragLeave={[Function]}
        onFocus={[Function]}
        onKeyDown={[Function]}
        onKeyUp={[Function]}
        onMouseDown={[Function]}
        onMouseLeave={[Function]}
        onMouseUp={[Function]}
        onTouchEnd={[Function]}
        onTouchMove={[Function]}
        onTouchStart={[Function]}
        role="menuitem"
        tabIndex={-1}
      >
        <a
          className="MuiTypography-root MuiTypography-h4 MuiLink-root MuiLink-underlineAlways css-9wqgu2-MuiTypography-root-MuiLink-root"
          onBlur={[Function]}
          onFocus={[Function]}
        >
          Documents
        </a>
      </li>
      <li
        className="MuiMenuItem-root MuiMenuItem-gutters MuiButtonBase-root css-2ca55l-MuiButtonBase-root-MuiMenuItem-root"
        onBlur={[Function]}
        onContextMenu={[Function]}
        onDragLeave={[Function]}
        onFocus={[Function]}
        onKeyDown={[Function]}
        onKeyUp={[Function]}
        onMouseDown={[Function]}
        onMouseLeave={[Function]}
        onMouseUp={[Function]}
        onTouchEnd={[Function]}
        onTouchMove={[Function]}
        onTouchStart={[Function]}
        role="menuitem"
        tabIndex={-1}
      >
        <a
          className="MuiTypography-root MuiTypography-h4 MuiLink-root MuiLink-underlineAlways css-9wqgu2-MuiTypography-root-MuiLink-root"
          onBlur={[Function]}
          onFocus={[Function]}
        >
          Profile Settings
        </a>
      </li>
      <li
        className="MuiMenuItem-root MuiMenuItem-gutters MuiButtonBase-root css-2ca55l-MuiButtonBase-root-MuiMenuItem-root"
        onBlur={[Function]}
        onContextMenu={[Function]}
        onDragLeave={[Function]}
        onFocus={[Function]}
        onKeyDown={[Function]}
        onKeyUp={[Function]}
        onMouseDown={[Function]}
        onMouseLeave={[Function]}
        onMouseUp={[Function]}
        onTouchEnd={[Function]}
        onTouchMove={[Function]}
        onTouchStart={[Function]}
        role="menuitem"
        tabIndex={-1}
      >
        <a
          className="MuiTypography-root MuiTypography-h4 MuiLink-root MuiLink-underlineAlways css-9wqgu2-MuiTypography-root-MuiLink-root"
          onBlur={[Function]}
          onFocus={[Function]}
        >
          Log out
        </a>
      </li>
    </ul>
  </div>
</div>
`;
