// Jest Snapshot v1, https://goo.gl/fbAQLP

exports[`Input Component [Input] matches DOM Snapshot 1`] = `
<div
  className="css-1ruxp1v"
>
  <h6
    className="MuiTypography-root MuiTypography-subtitle2 css-1qn9uqj-MuiTypography-root"
    data-testid="title"
  >
    Number
  </h6>
  <div
    className="MuiFormControl-root MuiFormControl-fullWidth MuiTextField-root css-1tqk1xf-MuiFormControl-root-MuiTextField-root"
    data-testid="input"
  >
    <div
      className="MuiOutlinedInput-root MuiInputBase-root MuiInputBase-colorPrimary MuiInputBase-fullWidth MuiInputBase-formControl css-md26zr-MuiInputBase-root-MuiOutlinedInput-root"
      onClick={[Function]}
    >
      <input
        aria-invalid={false}
        autoFocus={false}
        className="MuiOutlinedInput-input MuiInputBase-input css-1t8l2tu-MuiInputBase-input-MuiOutlinedInput-input"
        disabled={false}
        id=":r0:"
        onAnimationStart={[Function]}
        onBlur={[Function]}
        onChange={[Function]}
        onFocus={[Function]}
        placeholder="Please input number"
        required={false}
        type="text"
        value=""
      />
      <fieldset
        aria-hidden={true}
        className="MuiOutlinedInput-notchedOutline css-1d3z3hw-MuiOutlinedInput-notchedOutline"
      >
        <legend
          className="css-hdw1oc"
        >
          <span
            className="notranslate"
          >
            â€‹
          </span>
        </legend>
      </fieldset>
    </div>
  </div>
  <p
    className="MuiFormHelperText-root css-123b7mg-MuiFormHelperText-root"
    data-testid="errorMessage"
  />
</div>
`;
